<html>
<body>
<pre>
<h1>µVision Build Log</h1>
<h2>Tool Versions:</h2>
IDE-Version: ¦ÌVision V5.25.2.0
Copyright (C) 2018 ARM Ltd and ARM Germany GmbH. All rights reserved.
License Information: Yang Xi, NXP, LIC=KRMWF-635YU-TGW7T-RE9KP-B5KIS-23TY1
 
Tool Versions:
Toolchain:       MDK-ARM Plus  Version: 5.25.2.0
Toolchain Path:  C:\Keil_v5\ARM\ARMCC\Bin
C Compiler:      Armcc.exe V5.06 update 6 (build 750)
Assembler:       Armasm.exe V5.06 update 6 (build 750)
Linker/Locator:  ArmLink.exe V5.06 update 6 (build 750)
Library Manager: ArmAr.exe V5.06 update 6 (build 750)
Hex Converter:   FromElf.exe V5.06 update 6 (build 750)
CPU DLL:         SARMCM3.DLL V5.25.2.0
Dialog DLL:      DARMCM1.DLL V1.19.1.0
Target DLL:      Segger\JL2CM3.dll V2.99.29.0
Dialog DLL:      TARMCM1.DLL V1.14.0.0
 
<h2>Project:</h2>
C:\Users\YX\Desktop\gitResp\lpc802_bl\Project\Internal\example_app\mdk\lpc802_example_app.uvprojx
Project File Date:  06/11/2019

<h2>Output:</h2>
*** Using Compiler 'V5.06 update 6 (build 750)', folder: 'C:\Keil_v5\ARM\ARMCC\Bin'
Build target 'lpc802_example_app'
compiling syscon.c...
compiling uart.c...
compiling main.c...
compiling gpio.c...
compiling flash.c...
compiling common.c...
..\..\..\..\Libraries\drivers_lpc800\src\common.c(79): warning:  #111-D: statement is unreachable
              break;
..\..\..\..\Libraries\drivers_lpc800\src\common.c: 1 warning, 0 errors
linking...
Program Size: Code=2640 RO-data=232 RW-data=28 ZI-data=548  
FromELF: creating hex file...
After Build - User command #1: C:\Keil_v5\ARM\BIN\ELFDWT.EXE .\lpc802_example\lpc802_example.axf BASEADDRESS(0x0)
ELFDWT - Signature Creator V1.4.0.0
COPYRIGHT Copyright (C) 2014-2018, ARM Ldt. and  ARM Germany GmbH
*** Fatal-Error while processing elf/dwarf file
***  Error: Range not found: 0x00000000 - 0x0000001C
*** ElfDwT terminated.
After Build - User command #2: fromelf --bin -o "C:\Users\YX\Desktop\gitResp\lpc802_bl\Project\Internal\example_app\mdk\lpc802_example\lpc802_example.bin" "C:\Users\YX\Desktop\gitResp\lpc802_bl\Project\Internal\example_app\mdk\lpc802_example\lpc802_example.axf"
".\lpc802_example\lpc802_example.axf" - 0 Error(s), 1 Warning(s).

<h2>Software Packages used:</h2>

Package Vendor: NXP
                http://mcuxpresso.nxp.com/cmsis_pack/repo/NXP.LPC802_DFP.10.0.3.pack
                NXP.LPC802_DFP.10.0.3
                Device Family Pack for LPC802

<h2>Collection of Component include folders:</h2>
  .\RTE\_lpc802_example_app
  C:\Keil_v5\ARM\PACK\NXP\LPC802_DFP\10.0.3

<h2>Collection of Component Files used:</h2>
Build Time Elapsed:  00:00:01
</pre>
</body>
</html>
