<html>
<body>
<pre>
<h1>µVision Build Log</h1>
<h2>Tool Versions:</h2>
IDE-Version: ¦ÌVision V5.25.2.0
Copyright (C) 2018 ARM Ltd and ARM Germany GmbH. All rights reserved.
License Information: Yang Xi, NXP, LIC=KRMWF-635YU-TGW7T-RE9KP-B5KIS-23TY1
 
Tool Versions:
Toolchain:       MDK-ARM Plus  Version: 5.25.2.0
Toolchain Path:  C:\Keil_v5\ARM\ARMCC\Bin
C Compiler:      Armcc.exe V5.06 update 6 (build 750)
Assembler:       Armasm.exe V5.06 update 6 (build 750)
Linker/Locator:  ArmLink.exe V5.06 update 6 (build 750)
Library Manager: ArmAr.exe V5.06 update 6 (build 750)
Hex Converter:   FromElf.exe V5.06 update 6 (build 750)
CPU DLL:         SARMCM3.DLL V5.25.2.0
Dialog DLL:      DARMCM1.DLL V1.19.1.0
Target DLL:      Segger\JL2CM3.dll V2.99.29.0
Dialog DLL:      TARMCM1.DLL V1.14.0.0
 
<h2>Project:</h2>
C:\Users\YX\Desktop\gitResp\lpc802_bl\Project\Internal\lpc802_bl\mdk\lpc802_bl.uvprojx
Project File Date:  06/11/2019

<h2>Output:</h2>
*** Using Compiler 'V5.06 update 6 (build 750)', folder: 'C:\Keil_v5\ARM\ARMCC\Bin'
Build target 'plc8xx'
compiling main.c...
linking...
Program Size: Code=3416 RO-data=232 RW-data=36 ZI-data=868  
FromELF: creating hex file...
After Build - User command #1: C:\Keil_v5\ARM\BIN\ELFDWT.EXE .\lpc802_bl\lpc802_bl.axf BASEADDRESS(0x0)
ELFDWT - Signature Creator V1.4.0.0
COPYRIGHT Copyright (C) 2014-2018, ARM Ldt. and  ARM Germany GmbH
*** Updated Signature over Range[32] (0x00000000 - 0x00000018): @0x0000001C = 0xEFFFEFC9
*** Processing completed, no Errors.
After Build - User command #2: fromelf --bin -o "C:\Users\YX\Desktop\gitResp\lpc802_bl\Project\Internal\lpc802_bl\mdk\lpc802_bl\lpc802_bl.bin" "C:\Users\YX\Desktop\gitResp\lpc802_bl\Project\Internal\lpc802_bl\mdk\lpc802_bl\lpc802_bl.axf"
".\lpc802_bl\lpc802_bl.axf" - 0 Error(s), 0 Warning(s).

<h2>Software Packages used:</h2>

Package Vendor: NXP
                http://mcuxpresso.nxp.com/cmsis_pack/repo/NXP.LPC802_DFP.10.0.3.pack
                NXP.LPC802_DFP.10.0.3
                Device Family Pack for LPC802

<h2>Collection of Component include folders:</h2>
  .\RTE\_plc8xx
  C:\Keil_v5\ARM\PACK\NXP\LPC802_DFP\10.0.3

<h2>Collection of Component Files used:</h2>
Build Time Elapsed:  00:00:01
</pre>
</body>
</html>
