<html>
<body>
<pre>
<h1>µVision Build Log</h1>
<h2>Tool Versions:</h2>
IDE-Version: ¦ÌVision V5.25.2.0
Copyright (C) 2018 ARM Ltd and ARM Germany GmbH. All rights reserved.
License Information: Yang Xi, NXP, LIC=KRMWF-635YU-TGW7T-RE9KP-B5KIS-23TY1
 
Tool Versions:
Toolchain:       MDK-ARM Plus  Version: 5.25.2.0
Toolchain Path:  C:\Keil_v5\ARM\ARMCC\Bin
C Compiler:      Armcc.exe V5.06 update 6 (build 750)
Assembler:       Armasm.exe V5.06 update 6 (build 750)
Linker/Locator:  ArmLink.exe V5.06 update 6 (build 750)
Library Manager: ArmAr.exe V5.06 update 6 (build 750)
Hex Converter:   FromElf.exe V5.06 update 6 (build 750)
CPU DLL:         SARMCM3.DLL V5.25.2.0
Dialog DLL:      DCM.DLL V1.17.1.0
Target DLL:      Segger\JL2CM3.dll V2.99.29.0
Dialog DLL:      TCM.DLL V1.35.1.0
 
<h2>Project:</h2>
C:\Users\YX\Desktop\gitResp\nxp_easy_mcuboot\Project\frdm_k64\frdm_k64_example_app\mdk\frdm_k64_example_app.uvprojx
Project File Date:  06/18/2019

<h2>Output:</h2>
*** Using Compiler 'V5.06 update 6 (build 750)', folder: 'C:\Keil_v5\ARM\ARMCC\Bin'
Build target 'frdm_k64_example_app'
compiling system_MK64F12.c...
linking...
Program Size: Code=3968 RO-data=1272 RW-data=60 ZI-data=64100  
FromELF: creating hex file...
After Build - User command #1: fromelf --bin -o "C:\Users\YX\Desktop\gitResp\nxp_easy_mcuboot\Project\frdm_k64\frdm_k64_example_app\mdk\frdm_k64_example_app\frdm_k64_example_app.bin" "C:\Users\YX\Desktop\gitResp\nxp_easy_mcuboot\Project\frdm_k64\frdm_k64_example_app\mdk\frdm_k64_example_app\frdm_k64_example_app.axf"
".\frdm_k64_example_app\frdm_k64_example_app.axf" - 0 Error(s), 0 Warning(s).

<h2>Software Packages used:</h2>

Package Vendor: Keil
                http://www.keil.com/pack/Keil.Kinetis_K60_DFP.1.5.0.pack
                Keil.Kinetis_K60_DFP.1.5.0
                NXP Kinetis K60 Series Device Support and Examples

<h2>Collection of Component include folders:</h2>
  .\RTE\_frdm_k64_example_app
  C:\Keil_v5\ARM\PACK\Keil\Kinetis_K60_DFP\1.5.0\Device\Include

<h2>Collection of Component Files used:</h2>
Build Time Elapsed:  00:00:02
</pre>
</body>
</html>
